// Jest Snapshot v1, https://goo.gl/fbAQLP

exports[`App expected? 1`] = `
<div class="container">
  <h2>Contact me</h2>
  <form><label>Full Name</label> <input type="text" maxlength="255" placeholder="Name"> <label>Email</label> <input type="email" maxlength="255" placeholder="Email"> <label>Message</label> <textarea maxlength="255" placeholder="Your text here..."></textarea>
    <div class="g-recaptcha"></div> <button type="submit">Send</button>
  </form>
  <!---->
  <!---->
</div>
`;
